
Memory Configuration

Name             Origin             Length             Attributes
*default*        0x0000000000000000 0xffffffffffffffff

Linker script and memory map


.internal_rom   0xffffffff81e00000     0x51f0
 hex/app/SW_V2112_csdk.elf(.internal_rom)
 .internal_rom  0xffffffff81e00000     0x51f0 hex/app/SW_V2112_csdk.elf
                0xffffffff81e00000                __xcpu_start
                0xffffffff81e00180                _boot_IrqHandler
                0xffffffff81e002d0                boot_HstMonitorX
                0xffffffff81e00330                boot_DbgExlTrigFunction0
                0xffffffff81e00358                monitor_entry
                0xffffffff81e0035c                initial_stack_top_var
                0xffffffff81e00360                boot_InvalidCache
                0xffffffff81e00378                boot_InvalidICache
                0xffffffff81e00398                boot_InvalidDCache
                0xffffffff81e003b8                boot_DisableInterrupt
                0xffffffff81e00401                boot_MonitorDoMonitoring
                0xffffffff81e00551                boot_Monitor
                0xffffffff81e00589                boot_UartMonitorGetBaudRate
                0xffffffff81e0059d                boot_UartMonitorSend
                0xffffffff81e00601                boot_UartMonitorGet
                0xffffffff81e00665                boot_UartMonitorOpen
                0xffffffff81e006cd                boot_UartMonitorClose
                0xffffffff81e006dd                boot_UartMonitorAck
                0xffffffff81e00769                boot_UartMonitorTimeOut
                0xffffffff81e00791                boot_UartMonitorWriteProcess
                0xffffffff81e008d9                boot_UartMonitorRpcProcess
                0xffffffff81e00a21                boot_UartMonitorReadProcess
                0xffffffff81e00be1                boot_UartMonitorExitProcess
                0xffffffff81e00c35                boot_UartMonitorProcess
                0xffffffff81e00cdd                boot_UartMonitor
                0xffffffff81e00ffc                g_BootHostUsbFixPtr
                0xffffffff81e01000                boot_FlushDCache
                0xffffffff81e01440                boot_IrqDispatch
                0xffffffff81e01484                boot_DcacheFlushAddrRange
                0xffffffff81e015f1                mon_Event
                0xffffffff81e01629                boot_HstCmdBasicHandler
                0xffffffff81e01699                boot_HstMonitor
                0xffffffff81e01705                boot_IspiGetRomedCfg
                0xffffffff81e01791                boot_IspiOpen
                0xffffffff81e01871                boot_IspiFlushFifos
                0xffffffff81e01881                boot_IspiClearRxDmaDone
                0xffffffff81e01891                boot_IspiClearTxDmaDone
                0xffffffff81e018a1                boot_IspiClose
                0xffffffff81e018e5                boot_IspiRxIfcChannelRelease
                0xffffffff81e018fd                boot_IspiTxIfcChannelRelease
                0xffffffff81e01915                boot_IspiSendData
                0xffffffff81e01971                boot_IspiSendDataBuffer
                0xffffffff81e019dd                boot_IspiTxFifoAvail
                0xffffffff81e019f9                boot_IspiTxDmaDone
                0xffffffff81e01a29                boot_IspiTxFinished
                0xffffffff81e01a55                boot_IspiGetData
                0xffffffff81e01a85                boot_IspiGetDataBuffer
                0xffffffff81e01af1                boot_IspiRxFifoLevel
                0xffffffff81e01b09                boot_IspiRxDmaDone
                0xffffffff81e01b39                boot_IspiForcePin
                0xffffffff81e01bcd                boot_IspiGetRxIfcTc
                0xffffffff81e01be4                g_bootIspiRomedCfg
                0xffffffff81e01c49                boot_UsbResetTransfert
                0xffffffff81e01c71                boot_UsbStartTransfert
                0xffffffff81e01d79                boot_UsbCancelTransfert
                0xffffffff81e01da1                boot_UsbContinueTransfert
                0xffffffff81e02311                boot_UsbInitVar
                0xffffffff81e02339                boot_UsbOpen
                0xffffffff81e02359                boot_UsbEpStall
                0xffffffff81e023e1                boot_UsbRecv
                0xffffffff81e02429                boot_UsbSend
                0xffffffff81e024a1                boot_UsbCompletedCommand
                0xffffffff81e024dd                boot_UsbEpEnableInterrupt
                0xffffffff81e0252d                boot_UsbEpRxTransferedSize
                0xffffffff81e02549                boot_UsbEpTransfertDone
                0xffffffff81e025f9                boot_UsbClose
                0xffffffff81e02635                boot_UsbReset
                0xffffffff81e02d9d                boot_UsbIrqHandler
                0xffffffff81e02fd1                boot_HostUsbDeviceCallback
                0xffffffff81e02fdd                boot_HostUsbUartDeviceCallback
                0xffffffff81e02fe9                boot_HostUsbClockEnable
                0xffffffff81e03021                boot_HostUsbClose
                0xffffffff81e03031                boot_HostUsbSend
                0xffffffff81e03169                boot_HostUsbEvent
                0xffffffff81e03621                boot_HostUsbRecv
                0xffffffff81e036b9                boot_HostUsbInit
                0xffffffff81e03719                boot_HostUsbOpen
                0xffffffff81e03788                boot_HostUsbInterface
                0xffffffff81e0385c                boot_romCsString
                0xffffffff81e03890                boot_romDT
                0xffffffff81e038a0                MutedFrame_AMR
                0xffffffff81e038a8                MutedFrame_HR
                0xffffffff81e038b8                MutedFrame_EFR
                0xffffffff81e038d8                MutedFrame_FR
                0xffffffff81e03901                atoi
                0xffffffff81e03941                bsearch
                0xffffffff81e039a0                _ctype
                0xffffffff81e03aa1                memchr
                0xffffffff81e03ae1                memcmp
                0xffffffff81e03b10                memcpy
                0xffffffff81e03e10                memcpyb
                0xffffffff81e03e41                memmove
                0xffffffff81e03f81                memscan
                0xffffffff81e03fa0                memset
                0xffffffff81e04341                qsort
                0xffffffff81e04371                strcat
                0xffffffff81e04391                strchr
                0xffffffff81e043c1                strrchr
                0xffffffff81e043e1                strcmp
                0xffffffff81e04421                strcpy
                0xffffffff81e04441                strcspn
                0xffffffff81e04481                strlen
                0xffffffff81e044a1                strnlen
                0xffffffff81e044c1                strncat
                0xffffffff81e04511                strncmp
                0xffffffff81e04551                strncpy
                0xffffffff81e04591                strnicmp
                0xffffffff81e04611                strsep
                0xffffffff81e04651                strspn
                0xffffffff81e04681                strstr
                0xffffffff81e046e1                strtok_r
                0xffffffff81e04761                strtok
                0xffffffff81e04781                strtol
                0xffffffff81e04941                strtoul

.sys_sram_overlay_2
                0xffffffff81c09690       0x10 load address 0xffffffff8801b7a0
 hex/app/SW_V2112_csdk.elf(.sys_sram_overlay_2)
 .sys_sram_overlay_2
                0xffffffff81c09690       0x10 hex/app/SW_V2112_csdk.elf
                0xffffffff81c09690                pcmbuf_overlay

.rom_entries_uncached
                0xffffffffa1c000a0       0xf4
 hex/app/SW_V2112_csdk.elf(.rom_entries_uncached)
 .rom_entries_uncached
                0xffffffffa1c000a0       0xf4 hex/app/SW_V2112_csdk.elf
                0xffffffffa1c000a0                boot_HstMonitorXCtx
                0xffffffffa1c000a0                _hstMonitorXCtx_start
                0xffffffffa1c000b4                boot_HstMonitorExtendedHandler
                0xffffffffa1c00138                g_BootUsbVar

.cust_rodata    0xffffffff882401a0       0x20
 hex/app/app.elf(.cust_rodata)
 .cust_rodata   0xffffffff882401a0       0x20 hex/app/app.elf
                0xffffffff882401c0                __user_rw_start

.misc           0xffffffff8820d9c0       0x20
 hex/app/SW_V2112_csdk.elf(.misc)
 .misc          0xffffffff8820d9c0       0x20 hex/app/SW_V2112_csdk.elf
                0xffffffff8820d9c1                hal_clk_dump
                0xffffffff883f6000                _user_data_start
                0xffffffff883fa000                _calib_start
                0xffffffff883fe000                _factory_start

.bbsram_patch_ucbss
                0xffffffffa1987bc0      0x100
 hex/app/SW_V2112_csdk.elf(.bbsram_patch_ucbss)
 .bbsram_patch_ucbss
                0xffffffffa1987bc0      0x100 hex/app/SW_V2112_csdk.elf
                0xffffffffa1987bc0                g_spalProfileBuffer
                0xffffffffa1b00000                _bcpu_dualport_sram_uncached_data_end
                0xffffffffa1b00000                _bcpu_dualport_sram_uncached_data_start
                0xffffffff81b00000                _bcpu_dualport_sram_text_start
                0xffffffff81b00000                _bcpu_dualport_sram_cached_data_end
                0xffffffff81b00000                _bcpu_dualport_sram_text_end
                0xffffffff81b00000                _bcpu_dualport_sram_cached_data_start

.sys_sram_overlay_4
                0xffffffff81c09690       0x10 load address 0xffffffff8801b7c0
 hex/app/SW_V2112_csdk.elf(.sys_sram_overlay_4)
 .sys_sram_overlay_4
                0xffffffff81c09690       0x10 hex/app/SW_V2112_csdk.elf

.bbsram_patch_ucdata
                0xffffffffa19878a0      0x320 load address 0xffffffff880126c0
 hex/app/SW_V2112_csdk.elf(.bbsram_patch_ucdata)
 .bbsram_patch_ucdata
                0xffffffffa19878a0      0x320 hex/app/SW_V2112_csdk.elf
                0xffffffffa19878a0                _bb_sram_patch_ucdata_start
                0xffffffffa19878a0                g_RxSaicEnFlag
                0xffffffffa19878a4                NBlockDataOutSaic
                0xffffffffa19879bc                g_rx_Saic_Bfi_Last_ind
                0xffffffffa19879c0                SACCHSaic
                0xffffffffa1987bc0                _bb_sram_patch_ucdata_end

.sys_sram_overlay_5
                0xffffffff81c09690       0x10 load address 0xffffffff8801b7d0
 hex/app/SW_V2112_csdk.elf(.sys_sram_overlay_5)
 .sys_sram_overlay_5
                0xffffffff81c09690       0x10 hex/app/SW_V2112_csdk.elf
                0xffffffff81c0fffc                _sys_sram_non_romed_top

.sramucdata     0xffffffffa1c08a70      0x260 load address 0xffffffff8801b520
 hex/app/SW_V2112_csdk.elf(.sramucdata)
 .sramucdata    0xffffffffa1c08a70      0x260 hex/app/SW_V2112_csdk.elf
                0xffffffffa1c08a70                _sys_sram_uncached_start
                0xffffffffa1c08a70                g_halGdbEnabled
                0xffffffffa1c08c3c                sxr_active_Task
                0xffffffffa1c08c44                g_halMapAccess
                0xffffffffa1c08c90                g_uart_busy
                0xffffffffa1c08c94                g_uart_r_busy
                0xffffffffa1c08c9c                g_halLpsCtx

.ucbss          0xffffffffa20568c0    0x24140
 hex/app/SW_V2112_csdk.elf(.ucbss)
 .ucbss         0xffffffffa20568c0    0x24140 hex/app/SW_V2112_csdk.elf
                0xffffffffa20568c0                g_pxts_buffer
                0xffffffffa2073b20                g_UsbBulkOut
                0xffffffffa2075b20                g_UsbBulkIn
                0xffffffffa2077b20                g_calibUsedSw
                0xffffffffa2077ba0                g_calibHstOpInfo
                0xffffffffa2077ba8                g_calibHstXcv
                0xffffffffa2077c50                g_calibHstPa
                0xffffffffa2078e7c                g_calibHstSw
                0xffffffffa2078efc                g_calibHstBb
                0xffffffffa2079888                g_calibHstIIR
                0xffffffffa2079978                g_calibStubGlobalCtxPtr
                0xffffffffa207997c                g_calibStubGlobalCtx
                0xffffffffa2079e94                g_calibStubGlobalNstCtx
                0xffffffffa207a9f4                g_calibStubGlobalNstCtxPtr

.bcpu_flash_end
                0xffffffff88013e70       0x10
 hex/app/SW_V2112_csdk.elf(.bcpu_flash_end)
 .bcpu_flash_end
                0xffffffff88013e70       0x10 hex/app/SW_V2112_csdk.elf

.boot_code      0xffffffff88010000     0x10b0
 hex/app/SW_V2112_csdk.elf(.boot_code)
 .boot_code     0xffffffff88010000     0x10b0 hex/app/SW_V2112_csdk.elf
                0xffffffff88010010                _boot_sector
                0xffffffff88010010                boot_Sector
                0xffffffff880103e5                pmd_GetVoreVoltageDDRIndex
                0xffffffff88010409                pmd_OpalSpiWrite
                0xffffffff88010425                pmd_OpalSpiRead
                0xffffffff8801043d                pmd_SetVcoreToDefaultVolt
                0xffffffff88010595                tgt_GetDDRConfig
                0xffffffff880105b1                boot_XcvClose
                0xffffffff880105c5                boot_XcvRead
                0xffffffff88010651                boot_XcvWrite
                0xffffffff880106b9                boot_XcvOpen
                0xffffffff880106fd                boot_XcvConfigure
                0xffffffff880107ad                memd_GetRamClk
                0xffffffff880107b9                DDR_Init_Config
                0xffffffff880107e1                DDR_Get_Config
                0xffffffff880108cd                memd_RamOpen
                0xffffffff88010955                hal_EbcCsOpen
                0xffffffff88010965                hal_EbcSramOpen
                0xffffffff88010975                hal_EbcFlashOpen
                0xffffffff880109a1                hal_IspiRegRead
                0xffffffff88010a15                hal_AbbIspiWrite
                0xffffffff88010a31                boot_SectorFixRom
                0xffffffff88010a35                boot_SectorEnterBootMonitor
                0xffffffff88010a51                boot_SysGetMetalId
                0xffffffff88010a69                boot_SysGetFreq
                0xffffffff88010b59                boot_SysWaitMicrosecond
                0xffffffff88010b8d                boot_UpdateIspiDivider
                0xffffffff88010bdd                boot_EbcSramOpen
                0xffffffff88010c0d                boot_EbcCsOpen
                0xffffffff88010c21                boot_EbcCsSetup
                0xffffffff88010cf9                boot_MemInit
                0xffffffff88010df1                boot_IspiRead
                0xffffffff88010e3d                boot_MonitorKeyPressed
                0xffffffff88010edd                boot_ForceUsbMonitorKeyCheck
                0xffffffff88010f25                boot_ForceMonitorKeyCheck
                0xffffffff88010f89                boot_BootSectorSetCommand
                0xffffffff88010fa1                boot_BootSectorSetEbcFreq
                0xffffffff88010fb5                boot_BootSectorGetEbcRamId
                0xffffffff88010fc1                tgt_GetMemdFlashConfig
                0xffffffff88010fcd                tgt_GetKeyMapIndex
                0xffffffff88010ff1                tgt_GetBootDownloadKeyList
                0xffffffff88011001                tgt_GetBootUsbDownloadKeyList
                0xffffffff88011011                tgt_GetUsbDownloadByMicDet
                0xffffffff88011015                tgt_GetMemdRamConfig
                0xffffffff88011030                g_tgtMemdFlashCfg
                0xffffffff88011038                g_tgtMemdRamCfg
                0xffffffff88011060                g_tgtKeyMap
                0xffffffff880110a0                g_tgtKeyBootDownload

.sramdata       0xffffffff81c085b0      0x4c0 load address 0xffffffff8801b060
 hex/app/SW_V2112_csdk.elf(.sramdata)
 .sramdata      0xffffffff81c085b0      0x4c0 hex/app/SW_V2112_csdk.elf
                0xffffffff81c085b0                _sys_sram_data_start
                0xffffffff81c088a8                g_SwTcuCfg
                0xffffffff81c088ac                g_paParams
                0xffffffff81c088bc                g_swParams
                0xffffffff81c088cc                g_TxRxSwTcuVal
                0xffffffff81c088e4                SW
                0xffffffff81c088e8                g_paCalibPtr
                0xffffffff81c088ec                XCV
                0xffffffff81c088f0                g_xcvChipId
                0xffffffff81c088f4                g_AfcOffset
                0xffffffff81c088f8                g_dcoffsetflag
                0xffffffff81c088fc                g_afcDacVal
                0xffffffff81c088fe                rxTxTimeOffset
                0xffffffff81c08900                g_CdacDelta
                0xffffffff81c08904                g_lastSleepMode
                0xffffffff81c08908                g_xcvCalibPtr
                0xffffffff81c0890c                g_xcvCmdCtx
                0xffffffff81c08918                g_xcvCalibSetPaRamp
                0xffffffff81c08919                g_xcvCalibPaOffset
                0xffffffff81c0891c                g_tempgpadcvalue
                0xffffffff81c08928                g_RxPllFreqReg_05h
                0xffffffff81c0892c                g_bandwideVal
                0xffffffff81c08930                g_xcvParams
                0xffffffff81c0895c                g_CDAC
                0xffffffff81c08960                g_xcvCalibPaRampValue
                0xffffffff81c08968                magnitude
                0xffffffff81c08990                pal_fch_sync_max_attempt
                0xffffffff81c08994                g_palCtx
                0xffffffff81c08a50                g_palDebug

.section_init   0xffffffff88240000       0x10
 hex/app/app.elf(.section_init)
 .section_init  0xffffffff88240000       0x10 hex/app/app.elf

.bootsramdata   0xffffffff81c01f40       0x80 load address 0xffffffff880149f0
 hex/app/SW_V2112_csdk.elf(.bootsramdata)
 .bootsramdata  0xffffffff81c01f40       0x80 hex/app/SW_V2112_csdk.elf
                0xffffffff81c01f40                g_bootSysCsAddress
                0xffffffff81c01f44                g_halSysCsAddress
                0xffffffff81c01f48                g_halSysSystemFreq
                0xffffffff81c01f58                g_spiflash_ID
                0xffffffff81c01f64                g_spiCfg
                0xffffffff81c01fac                g_ddrIndex
                0xffffffff81c01fae                memd_cfg_done
                0xffffffff81c01fb4                g_ddrConfig
                0xffffffff81c01fb8                g_ddr_table_size
                0xffffffff81c01fbc                memd_cfg

.rom_entries_cached
                0xffffffff81c00194       0x54
 hex/app/SW_V2112_csdk.elf(.rom_entries_cached)
 .rom_entries_cached
                0xffffffff81c00194       0x54 hex/app/SW_V2112_csdk.elf
                0xffffffff81c00194                xcpu_error_code
                0xffffffff81c00198                xcpu_error_status
                0xffffffff81c0019c                xcpu_sp_context
                0xffffffff81c001a0                sxr_IrqStack_pointer
                0xffffffff81c001a4                g_bootResetCause
                0xffffffff81c001a8                g_bootBootMode
                0xffffffff81c001ac                g_bootUartMonitorBrDetected
                0xffffffff81c001b0                g_bootUartMonitorBaudRate

.bootramtext    0xffffffff82000b00      0xf20 load address 0xffffffff8801b7e0
 hex/app/SW_V2112_csdk.elf(.bootramtext)
 .bootramtext   0xffffffff82000b00      0xf20 hex/app/SW_V2112_csdk.elf
                0xffffffff82000ce1                hal_SpiFlashGetID
                0xffffffff82000cf9                hal_SpiFlashSetLockCallback
                0xffffffff82000d05                hal_SpiFlashSetUnlockCallback
                0xffffffff82000d11                hal_SpiFlashSleep
                0xffffffff82000d41                hal_SpiFlashMapUncacheAddress
                0xffffffff82000d4d                hal_SpiFlashSetCheckIrq
                0xffffffff82000d59                hal_SpiFlashGetSize
                0xffffffff82000d69                hal_SpiFlashWakeup
                0xffffffff82000da5                hal_SpiFlashReset
                0xffffffff82000ee5                hal_SpiFlashReadStatusRegister
                0xffffffff820011cd                hal_SpiFlashErase
                0xffffffff8200127d                hal_SpiFlashWrite
                0xffffffff820013e9                hal_SpiFlashClose
                0xffffffff82001455                hal_SpiFlashOpen
                0xffffffff82001539                memd_FlashGetSectorLimits
                0xffffffff82001605                memd_SetFramsIrqIgnore
                0xffffffff82001609                memd_SysIsIdle
                0xffffffff8200160d                memd_FlashGetUserFieldInfo
                0xffffffff82001645                memd_FlashErase2SuspendTime
                0xffffffff82001649                memd_SuspendEnable
                0xffffffff82001655                memd_SuspendDisable
                0xffffffff82001661                memd_SuspendIsEnable
                0xffffffff82001675                memd_FlashRst
                0xffffffff82001685                memd_FlashGetGlobalAddress
                0xffffffff8200169d                memd_FlashRead
                0xffffffff820016e5                memd_FlashOpen
                0xffffffff82001735                memd_FlashWrite_Respond_Irq
                0xffffffff8200176d                memd_FlashWrite
                0xffffffff820017a5                memd_FlashErase
                0xffffffff82001855                memd_FlashErase_Respond_Irq
                0xffffffff82001905                memd_DdrGetTiming
                0xffffffff82001951                memd_AdjustRamClk
                0xffffffff820019e0                g_memdFlashBankLayout
                0xffffffff820019fc                g_memdFlashLayout

.bbsram         0xffffffff81980000     0x1e00
 hex/app/SW_V2112_csdk.elf(.bbsram)
 .bbsram        0xffffffff81980000     0x1e00 hex/app/SW_V2112_csdk.elf
                0xffffffff81980000                _bb_sram_romed_cached_start
                0xffffffff81980000                g_spcItlvBufTabSaic
                0xffffffff81980a00                g_spcItlvBufTab
                0xffffffff81981920                g_spcCtxStruct
                0xffffffff81981920                _bb_sram_romed_itlv_buf_end

.boot_sector_struct
                0xffffffff81c00220       0x1c
 hex/app/SW_V2112_csdk.elf(.boot_sector_struct)
 .boot_sector_struct
                0xffffffff81c00220       0x1c hex/app/SW_V2112_csdk.elf

.sramtext       0xffffffff81c01fc0     0x65f0 load address 0xffffffff88014a70
 hex/app/SW_V2112_csdk.elf(.sramtext)
 .sramtext      0xffffffff81c01fc0     0x65f0 hex/app/SW_V2112_csdk.elf
                0xffffffff81c01fc0                _sys_sram_txt_start
                0xffffffff81c01fc1                hal_LpsAllowSkipFrame
                0xffffffff81c01fcd                hal_LpsLightSleep
                0xffffffff81c01fe8                hal_lpsPuFsmRun
                0xffffffff81c02295                hal_LpsDeepSleep
                0xffffffff81c022f9                hal_LpsCalibrate
                0xffffffff81c02431                hal_RfspiRemWinCmd
                0xffffffff81c02469                hal_RfspiInitQueue
                0xffffffff81c02481                hal_RfspiFlushFifo
                0xffffffff81c024a5                hal_RfspiPushData
                0xffffffff81c02521                hal_RfspiFillFifo
                0xffffffff81c02689                hal_RfspiSetupFifo
                0xffffffff81c0272d                hal_RfspiNewCmd
                0xffffffff81c02805                hal_SpeechPushRxPopTx
                0xffffffff81c028f5                hal_TcuSetTco
                0xffffffff81c02905                hal_TcuClrTco
                0xffffffff81c02915                hal_TcuClrEvtRange
                0xffffffff81c02941                hal_TcuClrAllEvents
                0xffffffff81c02955                hal_TcuSetEvtPtr
                0xffffffff81c02961                hal_TcuGetEvtPtr
                0xffffffff81c0296d                hal_TcuSetEvent
                0xffffffff81c029e1                hal_TcuSetWrap
                0xffffffff81c02ab4                pmd_EnterDeepSleepStep2
                0xffffffff81c02af0                pmd_ExitDeepSleepStep1
                0xffffffff81c02b69                pmd_ExitDeepSleepStep2
                0xffffffff81c02bb1                pmd_EnterDeepSleepStep1
                0xffffffff81c0301d                PowerOffset
                0xffffffff81c03165                Pcl2dBm
                0xffffffff81c032dd                xcvSetArfcn
                0xffffffff81c0343d                xcvGetDigGain
                0xffffffff81c03479                rfd_XcvGetAgcGain
                0xffffffff81c034cd                rfd_XcvGetAfcOffset
                0xffffffff81c034d1                rfd_XcvSetRxTxTimeOffset
                0xffffffff81c034f9                rfd_XcvFrameStart
                0xffffffff81c034fd                rfd_XcvFrequencyTuning
                0xffffffff81c0364d                rfd_XcvRxOff
                0xffffffff81c036a1                xcvReadReg
                0xffffffff81c036d9                xcvBuildSpiCmd
                0xffffffff81c03715                rfd_XcvSleep
                0xffffffff81c03801                rfd_XcvWakeUp
                0xffffffff81c03865                rfd_XcvTxOff
                0xffffffff81c038b5                rfd_XcvTxOn
                0xffffffff81c04315                rfd_XcvRxOn
                0xffffffff81c04add                dtmf_calc_magnitude
                0xffffffff81c04bb9                hal_ComregsGetSnap
                0xffffffff81c04bc5                hal_ComregsClrMask
                0xffffffff81c04bfd                hal_ComregsSetMask
                0xffffffff81c04c35                hal_FintIrqGetStatus
                0xffffffff81c04c45                hal_FintUserHandler
                0xffffffff81c04c5d                hal_FintIrqHandler
                0xffffffff81c04c79                hal_GoudaGetTiming
                0xffffffff81c04c85                hal_GoudaSetTiming
                0xffffffff81c04c95                hal_GpioClr
                0xffffffff81c04ced                hal_GpioSet
                0xffffffff81c04d45                hal_IrqDispatch
                0xffffffff81c04f20                sxr_TaskSwap
                0xffffffff81c04ff0                sxr_JobSwap
                0xffffffff81c050f1                palSetUpperBound
                0xffffffff81c0510d                palGetBand
                0xffffffff81c05141                palCalcMonPower
                0xffffffff81c05181                pal_EnableAuxClkCtrl
                0xffffffff81c0518d                pal_SimIrqHandler
                0xffffffff81c05231                pal_SetDummyPchDetection
                0xffffffff81c05265                pal_GetDummyPchDetection
                0xffffffff81c05279                pal_SetCalibProcess
                0xffffffff81c05285                pal_SetFchDetectMode
                0xffffffff81c052b5                pal_GetNBurstResultMultslot
                0xffffffff81c05321                pal_UpdateCdacValue
                0xffffffff81c05339                pal_UpdateAfcDacValue
                0xffffffff81c05351                pal_GetCdacOffset
                0xffffffff81c05361                pal_GetAfcDacOffset
                0xffffffff81c05371                pal_DspIrqHandler
                0xffffffff81c053e9                pal_FintIrqHandler
                0xffffffff81c05409                pal_GetUsf
                0xffffffff81c05465                pal_GetFchResult
                0xffffffff81c05505                pal_ABurstEncoding
                0xffffffff81c055a9                pal_GetSchResult
                0xffffffff81c056f1                pal_GetMonResult
                0xffffffff81c05755                palReorderWin
                0xffffffff81c05819                pal_NblockEncoding
                0xffffffff81c05911                pal_GetNBlockResult
                0xffffffff81c05a8d                pal_GetNBurstResult
                0xffffffff81c05cc9                pal_TimeTuningSuspend
                0xffffffff81c05d2d                pal_FrequencyTuning
                0xffffffff81c05d8d                pal_TimeTuning
                0xffffffff81c05dfd                pal_TimeTuningSuspendCheck
                0xffffffff81c05e35                pal_SynchronizationChange
                0xffffffff81c05eed                pal_AuxClkOff
                0xffffffff81c05f11                pal_FrameEnd
                0xffffffff81c061c9                pal_FrameStart
                0xffffffff81c064b9                palProgramTxWin
                0xffffffff81c06605                pal_SetTxWin
                0xffffffff81c06829                palRxBstOff
                0xffffffff81c06891                pal_CloseFchRxWin
                0xffffffff81c06921                palRxBstOn
                0xffffffff81c06991                palSetBcpuTcuIrqAfterWinEndDate
                0xffffffff81c069ed                palProgramRxWin
                0xffffffff81c06d69                pal_SetNBurstRxWin
                0xffffffff81c06f5d                pal_SetSchRxWin
                0xffffffff81c0705d                pal_SetFchRxWin
                0xffffffff81c07195                pal_SetMonRxWin
                0xffffffff81c07271                _sxr_UpMemCallerAdd
                0xffffffff81c07289                sxr_GetLink
                0xffffffff81c07291                sxr_GetMemSize
                0xffffffff81c072a5                sxr_Link
                0xffffffff81c07311                _sxr_HFree
                0xffffffff81c07591                _sxr_HMalloc
                0xffffffff81c0787d                sxr_TimerDelivery
                0xffffffff81c078b9                sxr_ClearJEvent
                0xffffffff81c078e9                sxr_SkipFrameEndEvt
                0xffffffff81c078fd                sxr_IsJobInitializing
                0xffffffff81c07909                sxr_InitJobEventStatus
                0xffffffff81c07959                sxr_AutoStop
                0xffffffff81c079e9                sxr_WaitJEvent
                0xffffffff81c07bb9                sxr_RaiseJEvent
                0xffffffff81c07c9d                sxr_RaiseFrameJEvent
                0xffffffff81c07cc9                sxr_RaiseLongLivedJEvent
                0xffffffff81c07cf5                sxr_FrameBoundary
                0xffffffff81c07d59                sxr_GetJobWaitingPeriod
                0xffffffff81c07d89                sxr_WaitJDuration
                0xffffffff81c07ea1                sxr_FrameJobScheduling
                0xffffffff81c07fad                sxr_StopJob
                0xffffffff81c083fd                sxr_ResumeJob
                0xffffffff81c08509                sxr_ResetJob

.bss            0xffffffff8207aa00    0x35c90
 hex/app/SW_V2112_csdk.elf(.bss)
 .bss           0xffffffff8207aa00    0x35c90 hex/app/SW_V2112_csdk.elf
                0xffffffff8207aa00                g_halLpsSleptBefore
                0xffffffff8207aa01                g_halSysLpsLock
                0xffffffff8207aa04                g_halCalibration
                0xffffffff8207aa74                g_halSpeechMutedCount
                0xffffffff8207aa88                g_halSpeechFifo
                0xffffffff8207ac38                g_halModuleIfcChannelDebug
                0xffffffff8207ad38                g_halModuleIfcChannelDebugPos
                0xffffffff8207ad44                g_halTraceRxCtx
                0xffffffff8207adac                g_palCalibration
                0xffffffff8207adb0                g_palHandlers
                0xffffffff8207adbc                g_Calib_OnSite
                0xffffffff8207adbe                g_pmdMuteSpk
                0xffffffff8207ae64                g_pmdConfig
                0xffffffff8207ae72                g_usbCharging
                0xffffffff8207aef0                sxs_usrInitTaskId
                0xffffffff8207aef4                sxs_CmnTaskId
                0xffffffff8207af1c                pSimCtx
                0xffffffff8207af20                sim_Data
                0xffffffff8207b228                g_Semaphore
                0xffffffff8207b22c                Usim_ADNAddress
                0xffffffff8207b3ec                Usim_ADNPath
                0xffffffff8207b690                WaitSwTimer
                0xffffffff8207b694                g_sim_present
                0xffffffff8207b698                Dummy_AD_BinaryData
                0xffffffff8207b6a0                sm_Data
                0xffffffff8207b738                psm_Data
                0xffffffff8207b73c                sm_TabMobileOrgTI
                0xffffffff8207b77c                sm_TabNetworkOrgTI
                0xffffffff8207b7bc                SMS_debug_buffer_index
                0xffffffff8207b880                gp_smsCurData
                0xffffffff8207b884                SMS_debug_buffer
                0xffffffff8207b8d4                snd_Data
                0xffffffff8207b9ac                pSndCtx
                0xffffffff8207b9d8                gp_ssCurData
                0xffffffff8207b9e0                sxr_QueueDesc
                0xffffffff8207d060                sxr_QueueEnv
                0xffffffff8207e000                sxr_QueueFreeDesc
                0xffffffff8207e002                sxr_QueueFreeEnv
                0xffffffff8207e004                sxr_SemaInfo
                0xffffffff8207e15c                g_sxsFsIdleHookFuncPtr
                0xffffffff8207e160                g_sxsDebugIdleHookElem
                0xffffffff8207e188                g_sxRaiseTime
                0xffffffff8207e190                sxs_IoCtx
                0xffffffff8207e1d4                sxr_Job
                0xffffffff8207e1d8                sxr_Heap
                0xffffffff8207e2f0                sxr_Cluster
                0xffffffff8207e3d0                sxr_NbCluster
                0xffffffff8207e3d4                sxr_MemoryAlert
                0xffffffff8207e3dc                sxr_MemTracker
                0xffffffff8207e9e4                sxr_Mutex
                0xffffffff8207ea18                sxr_Sbx
                0xffffffff82081f90                sxs_Spy
                0xffffffff82082098                sxr_TCtx
                0xffffffff820820c0                sxr_TEnv
                0xffffffff82083064                sxr_Task
                0xffffffff82083610                g_uat_stran_callbck
                0xffffffff82083654                gpf_uflash_write_block
                0xffffffff82083658                gpf_uflash_read_block
                0xffffffff82083670                g_umss_flash_handler
                0xffffffff82083738                g_vppMicNoiseSuppressRAMX
                0xffffffff82085678                g_vppReceiverNoiseSuppressRAMX
                0xffffffff820875b8                g_vppAecRAMX
                0xffffffff820890e8                g_vppMicAgcRAMX
                0xffffffff820894d0                g_vppReceiverAgcRAMX
                0xffffffff820898b8                g_vppSpeechCode
                0xffffffff8208be38                g_vppSpeechRAMX
                0xffffffff8208ed18                g_api_rr_task_started
                0xffffffff8208ed20                apiData
                0xffffffff8208ed78                pAPIData
                0xffffffff8208ed7c                watchdogDoNotFeedInIdle
                0xffffffff8208ed80                g_audCodecGalliteAifCfg
                0xffffffff8208ed94                g_audSetHeadMaxDigitalGain
                0xffffffff8208ed95                g_audSetMicMaxGain
                0xffffffff8208edb8                g_BalFlashInitProgramDone
                0xffffffff8208edbc                g_BalTasks
                0xffffffff8208edcc                g_PreKeyCode
                0xffffffff8208ee78                g_calibUsedOpInfo
                0xffffffff8208ee80                g_calibUsedXcv
                0xffffffff8208ef28                g_calibUsedPa
                0xffffffff82090154                g_calibUsedBb
                0xffffffff82090ae0                g_calibUsedIIR
                0xffffffff82090bd0                g_calibUsed_audio_voc
                0xffffffff82092230                g_calibUsed_audio_music
                0xffffffff82092a48                gp_cb_Data
                0xffffffff82092aac                gp_ccCurData
                0xffffffff82092c24                g_CfwNVInfo
                0xffffffff82092c28                g_CfwNv
                0xffffffff820935c4                nQueueid
                0xffffffff820935c8                g_CosBaseAdd
                0xffffffff820935cc                g_CswBaseAdd
                0xffffffff820935d0                g_CosHeapSize
                0xffffffff820935d4                g_CswHeapSize
                0xffffffff820935d8                g_CswMallocNum
                0xffffffff820935dc                g_CosMallocNum
                0xffffffff820935e8                g_hCosMmiTask
                0xffffffff820935ec                g_hCosATTask
                0xffffffff820935f0                Playstate
                0xffffffff820935f4                PlayLenTemp
                0xffffffff820935f8                BzPlayState
                0xffffffff820935fc                g_VIBRATING_state
                0xffffffff82093600                g_FLASH_state
                0xffffffff82093604                gmycallback
                0xffffffff82093608                PlayLen
                0xffffffff8209360c                BzDuration
                0xffffffff82093610                BzBuffer
                0xffffffff82093614                g_KeyBoard_Init_Status
                0xffffffff82093615                Play_music
                0xffffffff82093616                audioBusy
                0xffffffff82093618                g_playToneAudioTempTime
                0xffffffff8209361c                isSPKMute
                0xffffffff82093620                term_num
                0xffffffff82093624                audioItf
                0xffffffff82093628                audioItfBackup
                0xffffffff8209362c                g_audioRecBufStart
                0xffffffff82093630                g_audioRecBufLen
                0xffffffff82093634                g_audioRecBufOffset
                0xffffffff82093638                gSpeakerOpen_stasus
                0xffffffff82093639                gMicOpen_stasus
                0xffffffff8209363a                Speeching
                0xffffffff8209363c                DTMF_duration
                0xffffffff8209363e                short_time_keytone
                0xffffffff82093658                g_spk_gain
                0xffffffff8209365c                cii_currentDTMF
                0xffffffff82093668                g_powerdown_cause
                0xffffffff8209366c                g_gpioDirection
                0xffffffff8209376c                g_padac_state
                0xffffffff82093894                g_xcvRfIniting
                0xffffffff82093895                gbw
                0xffffffff82093896                xtal_state
                0xffffffff82093898                g_rfdXcvRegForceWriteError
                0xffffffff8209389c                g_rfdXcvRegForceReadError
                0xffffffff820938b0                g_pDevDescrip
                0xffffffff820938b4                g_iDevDescripCount
                0xffffffff820938b8                g_pDsmDevInfo
                0xffffffff820938bc                g_iDsmDevCount
                0xffffffff820938c0                g_hDevSem
                0xffffffff820938c4                dtmf_frame_count
                0xffffffff820947e0                DecoderBuffer
                0xffffffff820951a0                g_fs_current
                0xffffffff82095434                g_fs_super_block_table
                0xffffffff82095438                g_fs_file_list
                0xffffffff8209543c                g_pFsDevInfo
                0xffffffff82095440                g_tstFsLocalErrCode
                0xffffffff8209544d                g_GpdacBusy
                0xffffffff8209547c                g_clk_sw
                0xffffffff82095488                g_halCfg
                0xffffffff8209548c                g_halDbgPalTrc
                0xffffffff82095b94                g_halDmaUserId
                0xffffffff82095b98                g_halDmaMode
                0xffffffff82095b9c                g_halDmaRegistry
                0xffffffff82095e60                l1_Sapi0FacchQueue
                0xffffffff82095e61                l1_Sapi3Queue
                0xffffffff82095e64                l1_Sapi0SacchPtr
                0xffffffff82095e68                l1_PCtrlQueue
                0xffffffff82095e69                l1_PDataQueue
                0xffffffff82095e6c                l1_PacketMeasurementReportPtr
                0xffffffff82095e70                l1_Ctx
                0xffffffff820968e4                SlicedCell
                0xffffffff820968e8                SpeedupNearList
                0xffffffff820968ea                DlPollingRsp
                0xffffffff820968ec                g_NBurstRxWin
                0xffffffff820968fc                lap_Data
                0xffffffff82096a2c                pLapCtx
                0xffffffff82096a30                lap_SapiIdx
                0xffffffff82096e24                llc_Data
                0xffffffff82096ec4                pLLCCtx
                0xffffffff82096f30                g_flash_cache
                0xffffffff82098f4c                g_Flag
                0xffffffff82098f50                g_Character
                0xffffffff82098f78                mmCtx
                0xffffffff82099168                pMMCtx
                0xffffffff8209916c                mmDulCtx
                0xffffffff82099171                g_fcch_detect_mode
                0xffffffff82099174                g_palDC
                0xffffffff820991fc                g_palFrame
                0xffffffff82099304                FcchWin
                0xffffffff8209934c                g_SimIndex
                0xffffffff82099350                g_palEtuParaF
                0xffffffff82099358                g_palEtuParaD
                0xffffffff8209935c                g_palSimClkStopMode
                0xffffffff82099404                rld_Data
                0xffffffff8209946c                pRLDCtx
                0xffffffff82099470                rlu_Data
                0xffffffff82099590                pRLUCtx
                0xffffffff82099594                rr_Data
                0xffffffff8209bc2c                pRRCtx
                0xffffffff8209bc30                psap_StackCfg
                0xffffffff8209bc34                ZhiBoXing
                0xffffffff8209bc35                UsfGran
                0xffffffff8209bc38                sap_StackCfg
                0xffffffff8209bce8                sap_StackDynCfg
                0xffffffff8209bcec                g_sms_dm_nv
                0xffffffff820a0598                g_SMS_DM_InitFlag
                0xffffffff820a059c                g_SMS_DM_Sem
                0xffffffff820a05a4                sxr_UsrCluster
                0xffffffff820a0724                sxr_NbUsrCluster
                0xffffffff820a0728                g_timer_list
                0xffffffff820a072c                errno
                0xffffffff820a0738                gCSWPowerOnTime
                0xffffffff820a073c                G_TM_Parameters
                0xffffffff820a0748                TIM_Glo_Infor_Buf
                0xffffffff820a0a04                TIM_LastErrorCode
                0xffffffff820a0b0c                g_UctlsStatus
                0xffffffff820a0b1c                g_cachenode
                0xffffffff820a0d3c                g_tst_erase_suspend_count
                0xffffffff820a0d40                g_pGcBuff
                0xffffffff820a1d40                g_VDS_partition_table
                0xffffffff820a2010                g_vds_partition_count
                0xffffffff820a2014                g_psSectRef
                0xffffffff820a2018                g_psRemainRef
                0xffffffff820a201c                g_sFlashInfo
                0xffffffff820a202c                g_tstVdsErrCode
                0xffffffff820a2030                g_iFlushAllowed
                0xffffffff820a2034                g_iVdsCacheHasInited
                0xffffffff820a20b4                g_msdfReload
                0xffffffff820a20b8                g_MIXVOICE_TYPE
                0xffffffff820a20bc                g_MIXVOICE_Handler
                0xffffffff820a20c0                g_AGCEnbleFlag
                0xffffffff820a20c4                g_SpkLevel
                0xffffffff820a20c8                g_AudInterface
                0xffffffff820a20cc                g_VoCRunFlag
                0xffffffff820a2190                g_RxBuf
                0xffffffff820a2410                g_TxBuf
                0xffffffff820a2690                g_curSeqPos
                0xffffffff820a2694                sinvalue_1
                0xffffffff820a269c                sinvalue_2
                0xffffffff820a26a4                g_DtmfGenState
                0xffffffff820a26a8                g_DtmfgenHandler
                0xffffffff820a26ac                sinparam_1
                0xffffffff820a26b4                sinparam_2
                0xffffffff820a2724                api_MsNwkCap
                0xffffffff820a2738                api_MsRACap
                0xffffffff820a27a0                api_LenMsRACap
                0xffffffff820a27a4                g_htstVdsTask
                0xffffffff820a27a8                handleApiTask
                0xffffffff820a27ac                handleMainTask
                0xffffffff820a27b0                isCfwInitComplete
                0xffffffff820a27b4                apiPlatformInitStatus
                0xffffffff820a27b8                aaaaaaaaaaaaaaaaaaaaaaaaaaaaaa
                0xffffffff820a27bc                isCfwInitCompleteBefore
                0xffffffff820a27cc                semDeleteMessage
                0xffffffff820a27d0                isDeleteSuccess
                0xffffffff820a28d4                socketIsUdpOrTcp
                0xffffffff820a28e8                socketDestPort
                0xffffffff820a2938                socketDestIp
                0xffffffff820a2b10                g_arsPcmBuf
                0xffffffff820a2db8                g_trace_Data
                0xffffffff820a2dbc                g_tracefileHandle
                0xffffffff820a2dc4                g_calibStubLocalCtx
                0xffffffff820a3354                CSN1Action_cc_852952723_Actions
                0xffffffff820a3358                g_aom_sem
                0xffffffff820a335c                CFW_Sys_Default_Proc
                0xffffffff820a33a4                AO_GoOnStatus
                0xffffffff820a33ac                AO_ControlBlock
                0xffffffff820a3a28                SIMOCStatus
                0xffffffff820a3a30                g_CFWStartStopStackFlag
                0xffffffff820a3a40                IndEventInfo
                0xffffffff820a3a48                gprs_sum
                0xffffffff820a3a58                g_SmsFormat_Sim0
                0xffffffff820a3a59                g_SmsFormat_Sim1
                0xffffffff820a3a5a                g_SmsFormat_Sim2
                0xffffffff820a3a5b                g_SmsFormat_Sim3
                0xffffffff820a3a5c                g_SmsShowTextMode_Sim0
                0xffffffff820a3a5d                g_SmsShowTextMode_Sim1
                0xffffffff820a3a5e                g_SmsShowTextMode_Sim2
                0xffffffff820a3a5f                g_SmsShowTextMode_Sim3
                0xffffffff820a3aa0                PdpContList
                0xffffffff820a3ad8                DnsServerIP
                0xffffffff820a3b48                store_packet_head
                0xffffffff820a3b4c                store_packet_end
                0xffffffff820a3b50                store_packet_cnt
                0xffffffff820a3b54                start_gprsDetach_timer
                0xffffffff820a3b98                gprs_flow_ctrl
                0xffffffff820a3ba8                pQosList
                0xffffffff820a3c18                CurAppCng
                0xffffffff820a3c28                GprsCidSavedInApp
                0xffffffff820a3c2c                IPAddress
                0xffffffff820a3c30                gCOMMMode
                0xffffffff820a3c38                gbLockBCCH
                0xffffffff820a3c44                gCSDelayInfo
                0xffffffff820a3c6c                g_NW_IND
                0xffffffff820a3c70                g_IMSI_INIT
                0xffffffff820a3c74                g_CFW_PowerOn
                0xffffffff820a3c78                g_SAT_IND
                0xffffffff820a3c7c                g_SAT_INIT_COMPLETE
                0xffffffff820a3c80                g_TestMode_AutoResponse
                0xffffffff820a3c88                g_TestMode_AutoEMCDial
                0xffffffff820a3c90                g_TestMode_AutoEMCDialNum
                0xffffffff820a3c98                g_SMSPInfo
                0xffffffff820a3ccc                g_SimInit1Status
                0xffffffff820a3cd4                g_SimInit2Status
                0xffffffff820a3cdc                g_SimInit3Status
                0xffffffff820a3ce4                g_SimInit3Status_p2
                0xffffffff820a3cec                bSatSimInit
                0xffffffff820a3d0c                gSimStage3Finish
                0xffffffff820a3d10                g_cfw_sim_status
                0xffffffff820a3d14                g_cfw_sim_adn_status
                0xffffffff820a3d18                gSPNInfo
                0xffffffff820a3d40                nICCID
                0xffffffff820a3d54                gTestSim
                0xffffffff820a3d5c                ADNInfo
                0xffffffff820a3d6c                gUsimAid
                0xffffffff820a3d90                gUsimLabel
                0xffffffff820a3dd8                gUsimEfStatus
                0xffffffff820a3de8                gUsimPin
                0xffffffff820a3f28                DIR_RECORD_NUM
                0xffffffff820a3f2c                DIR_CURRENT_NUM
                0xffffffff820a3f30                Sim_Lp
                0xffffffff820a3f38                gSimDropInd
                0xffffffff820a3f3c                nECC_Code
                0xffffffff820a3f4c                nUsimECC_Code
                0xffffffff820a3f60                g_GETIMSI
                0xffffffff820a3f64                nCommondNum
                0xffffffff820a3fec                gSatFreshComm
                0xffffffff820a3ff0                gSATTimerValue
                0xffffffff820a4038                cbCtx
                0xffffffff820a410c                gCbReadFile
                0xffffffff820a4120                gpLongerMsgPara
                0xffffffff820a4124                gpLongerMsgParaIndex
                0xffffffff820a4128                gPendingNewSms
                0xffffffff820a412c                gNewSMSInd
                0xffffffff820a4134                g_SMSConcat
                0xffffffff820a41ec                g_consumers
                0xffffffff820a42ec                DataCSN1Context
                0xffffffff820a63ec                g_sd_sleepIn
                0xffffffff820a6e18                g_FatCache
                0xffffffff820a6e1c                g_FatCahcheNum
                0xffffffff820a6e20                g_TstFsErrCode
                0xffffffff820a6e24                gAifClk
                0xffffffff820a6e44                ip_data
                0xffffffff820a6ee4                l1_SavedPsDataReqMsg
                0xffffffff820a6f30                audio_mode
                0xffffffff820a6f38                CSN1Action_mm_852952723_Actions
                0xffffffff820a6f3c                gnMmcMode
                0xffffffff820a6f40                gAudio
                0xffffffff820a6f5c                gRecord
                0xffffffff820a6f74                ev
                0xffffffff820a6f84                ev_play
                0xffffffff820a6f94                g_AMRConsumedLength
                0xffffffff820a6f98                g_AMRFILESIZE
                0xffffffff820a6fb0                amr_pcmbuf_overlay
                0xffffffff820a83b0                AmrPlayer
                0xffffffff820a83f8                g_ConsumedLength
                0xffffffff820a83fc                g_AudioMode
                0xffffffff820a8400                g_AudioSeekFlag
                0xffffffff820a8404                g_MPEGFILESIZE
                0xffffffff820a8408                G_VppSBCConstY
                0xffffffff820a8428                MpegPlayer
                0xffffffff820a84c0                g_WAVConsumedLength
                0xffffffff820a84c4                data_size
                0xffffffff820a84c8                G_WavSBCConstY
                0xffffffff820a851c                WavPlayer
                0xffffffff820a85c8                a2dp_sbc_strm
                0xffffffff820a85d4                g_calibEquRdyFlag
                0xffffffff820a85d5                FINT_counter
                0xffffffff820a86a8                neighbor_cache
                0xffffffff820a8860                destination_cache
                0xffffffff820a8a40                prefix_list
                0xffffffff820a8acc                default_router_list
                0xffffffff820a8c2c                h_errno
                0xffffffff820a8c34                netif_list
                0xffffffff820a8c38                netif_default
                0xffffffff820a8c3c                isPppActived
                0xffffffff820a8c40                g_ppp_ctx
                0xffffffff820a8c60                pbuf_free_ooseq_pending
                0xffffffff820a8c70                IsPUlAss
                0xffffffff820a8c74                ED_RR_P
                0xffffffff820a8c94                ED_RR_Q
                0xffffffff820a8cb4                CSN1Action_rrd_852952723_Actions
                0xffffffff820a8d40                g_MallocedCount
                0xffffffff820a8d44                g_Malloced_p
                0xffffffff820a9518                tcp_ticks
                0xffffffff820a951c                tcp_active_pcbs_changed
                0xffffffff820a9520                tcp_bound_pcbs
                0xffffffff820a9524                tcp_listen_pcbs
                0xffffffff820a9528                tcp_active_pcbs
                0xffffffff820a952c                tcp_tw_pcbs
                0xffffffff820a9568                tcp_input_pcb
                0xffffffff820a956c                udp_pcbs
                0xffffffff820a9570                G_Mp3DRCHistoryBuf
                0xffffffff820aa890                vpp_AudioJpegDecVocOpen_status
                0xffffffff820aa898                sndRecBuffer
                0xffffffff820aa89c                sndRecRingBuffer
                0xffffffff820aa8a0                sndRecBufferLength
                0xffffffff820aa8a4                rec_audioItf
                0xffffffff820aab80                pNetworkCallback
                0xffffffff820aab84                pdpContextId
                0xffffffff820aac50                g_location
                0xffffffff820aacc0                isAutoUpdateRtcTime
                0xffffffff820aae34                g_hAsynFsTask
                0xffffffff820aae54                _log
                0xffffffff820aae80                irqParamArray
                0xffffffff820aaf0c                spi1IrqHandler
                0xffffffff820aaf10                spi2IrqHandler
                0xffffffff820aaf64                uart1_rxbuf
                0xffffffff820ab364                uart2_rxbuf
                0xffffffff820ab764                connectionCallbackParam
                0xffffffff820ab80c                gps_uartWriteBuf
                0xffffffff820ac820                gps_uartReadBuf
                0xffffffff820ad834                gps_uartHwBuf
                0xffffffff820ade34                DL_process_handler
                0xffffffff820b03fc                certProfile
                0xffffffff820b0440                ca_pem
                0xffffffff820b0444                cert_pem
                0xffffffff820b0448                key_pem

.sys_sram_overlay_3
                0xffffffff81c09690       0x10 load address 0xffffffff8801b7b0
 hex/app/SW_V2112_csdk.elf(.sys_sram_overlay_3)
 .sys_sram_overlay_3
                0xffffffff81c09690       0x10 hex/app/SW_V2112_csdk.elf

.bbsram_patch_text
                0xffffffff81986800     0x1070 load address 0xffffffff88011620
 hex/app/SW_V2112_csdk.elf(.bbsram_patch_text)
 .bbsram_patch_text
                0xffffffff81986800     0x1070 hex/app/SW_V2112_csdk.elf
                0xffffffff81986800                _bb_sram_patch_text_start
                0xffffffff81986801                patch_spc_CCHRxProcess
                0xffffffff81987019                patch_spp_EqualizeNBurstSaic
                0xffffffff81987431                patch_spp_EqualizeNBurst
                0xffffffff81987870                _bb_sram_patch_text_end

.bbsramu        0xffffffffa1981e00     0x1bf0
 hex/app/SW_V2112_csdk.elf(.bbsramu)
 .bbsramu       0xffffffffa1981e00     0x1bf0 hex/app/SW_V2112_csdk.elf
                0xffffffffa1981e00                _mbbsramu
                0xffffffffa1981e00                _bb_sram_romed_uncached_start
                0xffffffffa1981e00                g_spcStaticBufTabSaic
                0xffffffffa19822f0                g_spcStaticBufTab

.bcpu_bss       0xffffffff82000a00       0x10
 hex/app/SW_V2112_csdk.elf(.bcpu_bss)
 .bcpu_bss      0xffffffff82000a00       0x10 hex/app/SW_V2112_csdk.elf

.bcpu_rom_rodata
                0xffffffff81e937b0     0x46f0
 hex/app/SW_V2112_csdk.elf(.bcpu_rom_rodata)
 .bcpu_rom_rodata
                0xffffffff81e937b0     0x46f0 hex/app/SW_V2112_csdk.elf
                0xffffffff81e937b0                bcpu_romCsString
                0xffffffff81e937dc                bcpu_romDT
                0xffffffff81e9381c                g_sppCsCrcParam
                0xffffffff81e9398c                g_sppCsConvParam
                0xffffffff81e93afc                g_sppCsSrcParam
                0xffffffff81e93b8c                g_sppVitacDecParam
                0xffffffff81e93c44                g_sppVitacPolyres
                0xffffffff81e93c64                g_sppInputLengthBitAfs
                0xffffffff81e93c6c                g_sppAfsReorderTables
                0xffffffff81e93c8c                g_sppInputLengthBitAhs
                0xffffffff81e93c94                g_sppAhsReorderTables
                0xffffffff81e93cac                g_sppMatrixHr
                0xffffffff81e93d8c                g_sppMatrixFrInv
                0xffffffff81e93f94                g_sppMatrixEfr1
                0xffffffff81e93fd8                g_sppMatrixEfr1Inv
                0xffffffff81e9401c                g_sppMatrixEfr2Inv
                0xffffffff81e94214                g_sppNbFwequStartSt
                0xffffffff81e94234                g_sppNbBwequStartSt
                0xffffffff81e94254                g_sppGsmTscSch
                0xffffffff81e9425c                g_sppGsmTscAburst
                0xffffffff81e94264                g_sppGsmTscAburst_1
                0xffffffff81e9426c                g_sppGsmTscAburst_2
                0xffffffff81e94274                g_sppGsmTscNburst
                0xffffffff81e942f4                g_sppSaicTable
                0xffffffff81e9433c                g_sppSaicPMatrixTable
                0xffffffff81e94354                g_sppUsfCs2Cs3
                0xffffffff81e9435c                g_spp_UsfCs4
                0xffffffff81e9436c                g_sppIcSidRatscch
                0xffffffff81e94374                g_sppIcAfsSpeech
                0xffffffff81e9437c                g_sppIcAhsSpeech
                0xffffffff81e94384                g_sppImAfsSid
                0xffffffff81e943a0                g_sppImAhsSid
                0xffffffff81e943c0                g_sppImRatscch
                0xffffffff81e943e0                g_sppAfsSidMarker
                0xffffffff81e943fc                g_sppAhsSidMarker
                0xffffffff81e94418                g_sppRatscchMarker
                0xffffffff81e94434                g_sppConvOutLengthBitAhs
                0xffffffff81e9443c                g_sppConvOutMaskAhs
                0xffffffff81e94454                g_spp_8TapChestTab
                0xffffffff81e94dd4                g_sppChestTab
                0xffffffff81e96a30                g_sppCsPuncturingTable
                0xffffffff81e97684                g_sppPCH_vector_a
                0xffffffff81e977dc                g_sppPCH_vector_b1
                0xffffffff81e97830                g_sppPCH_vector_b2
                0xffffffff81e97884                g_sppPCH_vector_b3
                0xffffffff81e978d8                g_sppPCH_vector_b4
                0xffffffff81e9792c                g_sppPCH_b_pos
                0xffffffff81e97980                g_sppPCH_size_vector_b
                0xffffffff81e979bc                g_sppMapVersion
                0xffffffff81e97a10                g_spalMapAccess
                0xffffffff81e97a14                g_spalMapVersion
                0xffffffff81e97a5c                LUT_8PSK
                0xffffffff81e97a7c                PSK8_ROTATE
                0xffffffff81e97abc                GMSK_ROTATE
                0xffffffff81e97afc                spal_GdbGBreak
                0xffffffff81e97ba4                AFSfilterCI
                0xffffffff81e97c70                AHSfilterCI
                0xffffffff81e97d34                spcSizeFromMCS
                0xffffffff81e97d84                g_spcMapVersion

.bootsramtext   0xffffffff81c01b10      0x430 load address 0xffffffff880145c0
 hex/app/SW_V2112_csdk.elf(.bootsramtext)
 .bootsramtext  0xffffffff81c01b10      0x430 hex/app/SW_V2112_csdk.elf
                0xffffffff81c01b10                boot_SysSetupPLL
                0xffffffff81c01b9c                boot_SysShutdownPLL
                0xffffffff81c01be5                boot_SysGetChipId
                0xffffffff81c01c29                hal_HstSendEvent
                0xffffffff81c01c85                hal_SysSetSpiFlashClkToFast
                0xffffffff81c01ca9                hal_SysWaitMicrosecond
                0xffffffff81c01ce5                hal_TimDelay
                0xffffffff81c01cfd                hal_TimGetUpTime
                0xffffffff81c01d09                boot_EbcCsSetupWithCallback
                0xffffffff81c01d51                hal_DisableUsbDp
                0xffffffff81c01d65                hal_IspiRegWrite
                0xffffffff81c01dc9                hal_IspiTxFinished
                0xffffffff81c01dd9                hal_IspiTxFifoAvail
                0xffffffff81c01de9                hal_IspiSendData
                0xffffffff81c01e21                memd_FlashWakeup
                0xffffffff81c01e31                memd_FlashSleep
                0xffffffff81c01e41                memd_GetCfgDDRIndex

.bbsram_globals
                0xffffffff81986640      0x1b9
 hex/app/SW_V2112_csdk.elf(.bbsram_globals)
 .bbsram_globals
                0xffffffff81986640      0x1b9 hex/app/SW_V2112_csdk.elf
                0xffffffff81986640                bcpu_error_code
                0xffffffff81986640                _bb_sram_romed_globals_start
                0xffffffff81986644                bcpu_error_status
                0xffffffff81986648                bcpu_sp_context
                0xffffffff8198664c                bcpu_stack_base
                0xffffffff81986650                bcpu_main_entry
                0xffffffff81986654                spal_GdbGData
                0xffffffff8198665c                g_spalIrqRegistry
                0xffffffff81986660                g_spalProfileControl
                0xffffffff8198668c                g_spcAmrState
                0xffffffff81986694                g_spcCtxAmrCfgTxChg
                0xffffffff81986698                g_spcRxCountTcu
                0xffffffff8198669c                g_spcSwTxFifo
                0xffffffff81986788                g_sppGlobalParams
                0xffffffff819867c0                g_sppA53CountInit
                0xffffffff819867c4                g_sppCipherCipherA53Nb
                0xffffffff819867c8                g_sppCipherDecipherA53Nb
                0xffffffff819867f8                g_sppFullBurstReady
                0xffffffff819867f9                _bb_sram_romed_globals_end

.ucdata         0xffffffffa2016c00      0x240 load address 0xffffffff880318e0
 hex/app/SW_V2112_csdk.elf(.ucdata)
 .ucdata        0xffffffffa2016c00      0x240 hex/app/SW_V2112_csdk.elf
                0xffffffffa2016c00                g_halLpsForceNoSleep
                0xffffffffa2016c00                _ram_uncached_data_start
                0xffffffffa2016c04                g_halTraceSwitchPortCmd
                0xffffffffa2016c08                g_pmdMapVersion
                0xffffffffa2016c18                g_pmdMapAccess
                0xffffffffa2016c7c                g_sxsDebugIdleHookEnable
                0xffffffffa2016c80                g_voisMapVersion
                0xffffffffa2016c90                g_vppMapVersion
                0xffffffffa2016ca0                g_vppMapAccess
                0xffffffffa2016ca0                g_arsMapVersion
                0xffffffffa2016cb0                g_audMapVersion
                0xffffffffa2016cb0                g_arsMapAccess
                0xffffffffa2016cc0                g_audMapAccess
                0xffffffffa2016cc0                g_calibCalibration
                0xffffffffa2016d10                hal_cacheFlushLine
                0xffffffffa2016d50                g_halMapVersion
                0xffffffffa2016d60                g_lcddMapVersion
                0xffffffffa2016d70                g_palMapVersion
                0xffffffffa2016d70                g_lcddMapAccess
                0xffffffffa2016d80                g_palMapAccess
                0xffffffffa2016d80                g_rfdMapAccess
                0xffffffffa2016d80                g_cswMapVersion
                0xffffffffa2016d90                g_cswMapAccess
                0xffffffffa2016d90                g_stdMapVersion
                0xffffffffa2016da0                g_sxMapVersion
                0xffffffffa2016da0                g_stdMapAccess
                0xffffffffa2016db0                g_sxMapAccess
                0xffffffffa2016dd0                g_voisCtx

.bcpu_sramtext  0xffffffff81c00680     0x1450 load address 0xffffffff880129e0
 hex/app/SW_V2112_csdk.elf(.bcpu_sramtext)
 .bcpu_sramtext
                0xffffffff81c00680     0x1450 hex/app/SW_V2112_csdk.elf
                0xffffffff81c00680                _bcpu_sys_sram_txt_start
                0xffffffff81c00681                spc_CchDump
                0xffffffff81c0069d                patch_spc_UpdateSaicStatus
                0xffffffff81c00739                patch_spc_IrqHandler
                0xffffffff81c00a99                patch_spc_BfiFilter
                0xffffffff81c00bd9                patch_spc_TCHRxProcess
                0xffffffff81c014a9                patch_spp_GetUSF1
                0xffffffff81c015a9                patch_spp_SearchFcch

.bcpu_sramucdata
                0xffffffffa1c01ad0       0x40 load address 0xffffffff88013e30
 hex/app/SW_V2112_csdk.elf(.bcpu_sramucdata)
 .bcpu_sramucdata
                0xffffffffa1c01ad0       0x40 hex/app/SW_V2112_csdk.elf
                0xffffffffa1c01ad0                g_mailbox_pal2spc_RxBufInd
                0xffffffffa1c01ad0                _bcpu_sys_sram_uncached_start
                0xffffffffa1c01ad2                UsfDistanceNormal
                0xffffffffa1c01ad4                DistanceMaxNormal
                0xffffffffa1c01ad6                UsfDistanceSaic
                0xffffffffa1c01ad8                DistanceMaxSaic
                0xffffffffa1c01adc                g_mailbox_pal2spc_rxBandInd
                0xffffffffa2000a00                _bcpu_ram_uncached_start
                0xffffffff81c01ad0                _bcpu_sys_sram_cached_start
                0xffffffff82000a00                _bcpu_ram_txt_start
                0xffffffff82000a00                _bcpu_ram_cached_start

.data           0xffffffff82016e40    0x3f9c0 load address 0xffffffff88031b20
 hex/app/SW_V2112_csdk.elf(.data)
 .data          0xffffffff82016e40    0x3f9c0 hex/app/SW_V2112_csdk.elf
                0xffffffff82016e40                _ram_cached_data_start
                0xffffffff82016e48                g_voiceMuteEnabled
                0xffffffff82016ed8                pal_low_rla_var
                0xffffffff82016ed9                pal_snr_factor_var
                0xffffffff82016eda                pal_pll_lock_time
                0xffffffff82016edc                g_pmdChargerInIrqEnabled
                0xffffffff82016f30                sim_ElementaryFileAddress
                0xffffffff82017284                sim_FilePath
                0xffffffff82017784                sim_FilePathLength
                0xffffffff8201785c                g_F
                0xffffffff8201787c                g_D
                0xffffffff8201788c                g_sim_status
                0xffffffff82017890                Dummy_SST_StatusData
                0xffffffff820178a0                Dummy_SST_BinaryData
                0xffffffff820178ac                Dummy_AD_StatusData
                0xffffffff820178bc                Dummy_LOCI_StatusData
                0xffffffff820178cc                Dummy_LOCI_BinaryData
                0xffffffff820178d8                Dummy_ACC_BinaryData
                0xffffffff820178dc                default_content
                0xffffffff8201795c                sm_Fsm
                0xffffffff82017abc                snd_Fsm
                0xffffffff82017c1c                ss_Fsm
                0xffffffff82017c2c                sxr_ProfileCfg
                0xffffffff82017c30                g_sxTraceEnabled
                0xffffffff82017c34                g_tgtPmdCfg
                0xffffffff82017d88                pstr_remind
                0xffffffff82017de4                g_vppSpeechMainCode
                0xffffffff82018974                g_vppHrCode
                0xffffffff8201cca0                g_vppEfrAmrCode
                0xffffffff8201e9e0                g_vppFrCode
                0xffffffff820207ec                g_vppAmrCode
                0xffffffff82021a18                g_vppEfrCode
                0xffffffff82022b20                g_vppAmrEncCode475
                0xffffffff82023acc                g_vppAmrEncCode515
                0xffffffff820247ac                g_vppAmrEncCode59
                0xffffffff82025450                g_vppAmrEncCode67
                0xffffffff820261c4                g_vppAmrEncCode74
                0xffffffff82026ec0                g_vppAmrEncCode795
                0xffffffff82027e64                g_vppAmrEncCode102
                0xffffffff82028da4                g_vppAmrEncCode122
                0xffffffff82029d68                g_vppAmrDecCode475
                0xffffffff8202a260                g_vppAmrDecCode515
                0xffffffff8202a73c                g_vppAmrDecCode59
                0xffffffff8202ac30                g_vppAmrDecCode67
                0xffffffff8202afe4                g_vppAmrDecCode74
                0xffffffff8202b298                g_vppAmrDecCode795
                0xffffffff8202b5c8                g_vppAmrDecCode102
                0xffffffff8202b980                g_vppAmrDecCode122
                0xffffffff8202be78                g_vppEfrAmrConstX
                0xffffffff8202ea00                g_vppEfrAmrConstY
                0xffffffff820327f0                g_vppHrConstX
                0xffffffff82033c3c                g_vppHrConstY
                0xffffffff82036558                g_vppAecConstantX
                0xffffffff820367b8                g_vppAecCode
                0xffffffff82038c24                g_vppNoiseSuppressCode
                0xffffffff8203aa74                g_vppNoiseSuppressConstantX
                0xffffffff8203b968                g_vppAgcCode
                0xffffffff8203cb14                g_vppAgcConstantX
                0xffffffff8203cca4                Api_Fsm
                0xffffffff8203ccc4                musicItf
                0xffffffff8203ccd9                turn_key
                0xffffffff8203ccda                g_calibStubTaskId
                0xffffffff8203ccdb                g_calibStubMbx
                0xffffffff8203ccdc                cb_Fsm
                0xffffffff8203ccfc                ccStateTab
                0xffffffff8203cd08                cc_Fsm
                0xffffffff8203cd18                g_BUZZER_set
                0xffffffff8203cd1c                GPIO_VIBRATING
                0xffffffff8203cd1d                BzVolume
                0xffffffff8203cd20                DM_Note_Table
                0xffffffff8203cd80                uLcdLevel
                0xffffffff8203cd81                uKeyLevel
                0xffffffff8203cd84                gTone_Audio_Total_time
                0xffffffff8203cd88                g_mic_gain
                0xffffffff8203cd8c                term_slefdefine
                0xffffffff8203cd9c                selfdefine_tone
                0xffffffff8203cda4                cii_tone_sate
                0xffffffff8203cda8                gAudio_mode
                0xffffffff8203cdac                audio_cfg
                0xffffffff8203cdbc                audioStream
                0xffffffff8203cdd8                spkLevelBackup
                0xffffffff8203cddc                micLevelBackup
                0xffffffff8203cde0                PowerOn_Cause
                0xffffffff8203cde4                g_rfdILossInit
                0xffffffff8203ce2c                dtmfValid
                0xffffffff8203ce30                col_threshold
                0xffffffff8203ce34                dtmf_dt_flag
                0xffffffff8203ce38                g_fs_sem
                0xffffffff8203ce3c                g_fs_cfg
                0xffffffff8203dacc                g_halSdmmcWriteCh
                0xffffffff8203dacd                g_halSdmmcReadCh
                0xffffffff8203dc10                l1_PUlDumCtrl
                0xffffffff8203dc28                l1s_L2FillFrame
                0xffffffff8203dc44                lap_Fsm
                0xffffffff8203dc84                lle_Fsm
                0xffffffff8203dda0                TmsiInvalid
                0xffffffff8203dda4                LaiInvalid
                0xffffffff8203dda8                PTmsiSignInvalid
                0xffffffff8203ddac                mmc_Fsm
                0xffffffff8203ddcc                mmp_Fsm
                0xffffffff8203ddec                g_Sim0VoltLevel
                0xffffffff8203dded                g_Sim1VoltLevel
                0xffffffff8203ddee                g_Sim2VoltLevel
                0xffffffff8203ddef                g_Sim3VoltLevel
                0xffffffff8203ddf0                g_palEtuClkInvFlag
                0xffffffff8203ddf4                g_TS
                0xffffffff8203ddf8                g_palSimList
                0xffffffff8203de0c                g_rfdMapVersion
                0xffffffff8203de1c                rldDataSizeCS
                0xffffffff8203de20                rlu_Fsm
                0xffffffff8203de7c                rr_MultislotCap
                0xffffffff8203dea0                rrd_Fsm
                0xffffffff8203dec0                rri_CFsm
                0xffffffff8203dee0                rri_PFsm
[...]
                0xffffffff8200c305                sxr_TimerQuery
                0xffffffff8200c3a9                sxs_ExistTimer
                0xffffffff8200c3cd                sxr_TimerExQuery
                0xffffffff8200c471                sxr_Tampax
                0xffffffff8200c651                sxr_SetTimer
                0xffffffff8200c879                sxr_StartMbxTimer
                0xffffffff8200c89d                _sxr_StartFunctionTimer
                0xffffffff8200c8fd                sxr_StopMbxTimer
                0xffffffff8200c965                sxs_StopAllTimer
                0xffffffff8200c9b1                sxs_StopTimer
                0xffffffff8200c9fd                sxs_StartTimer
                0xffffffff8200ca4d                sxr_EnterScSchedule
                0xffffffff8200ca91                sxr_RmvFromSuspendedQueue
                0xffffffff8200cb11                sxr_RunNextTask
                0xffffffff8200cc69                sxr_SuspendTask
                0xffffffff8200cd09                sxr_ScheduleIdle
                0xffffffff8200cddd                sxr_ExitScSchedule
                0xffffffff8200ce69                sxr_WakeUpTask
                0xffffffff8200cfb9                sxr_ResumeTask
                0xffffffff8200d009                sxr_StopTask
                0xffffffff8200d17d                sxr_StartTask
                0xffffffff8200d235                sxr_GenPrbs
                0xffffffff8200d271                _sxr_Random
                0xffffffff8200d305                sxr_ComputeFcsM
                0xffffffff8200d375                sxr_ComputeMedian_u16
                0xffffffff8200d3f5                sxr_ComputeMedian_s16
                0xffffffff8200d47d                sxr_Sleep
                0xffffffff8200d519                sxr_ComputeFcs
                0xffffffff8200d57d                sxr_RandomInit
                0xffffffff8200d5a8                sxr_MsbToLsb
                0xffffffff8200d6a8                sxr_FcsTab
                0xffffffff8200daa9                sxr_UsrMalloc
                0xffffffff8200dbb1                _sxr_UsrFree
                0xffffffff8200dc81                sxs_SetTraceEnabled
                0xffffffff8200dc8d                sxs_Dump
                0xffffffff8200dea9                sxs_vprintf
                0xffffffff8200df75                sxs_fprintf
                0xffffffff8200e02d                sxs_BackTrace
                0xffffffff8200e13d                sxs_Raise
                0xffffffff8200e1f9                sxs_IoInit
                0xffffffff8200e210                sxs_Boot
                0xffffffff8200e215                sxr_GetActiveJob
                0xffffffff8200e221                sxr_GetJobState
                0xffffffff8200e23d                sxr_NextFrameClear
                0xffffffff8200e325                JobSwap_SpyAfter
                0xffffffff8200e37d                JobSwap_SpyBefore
                0xffffffff8200e3d9                sxr_ChkJob
                0xffffffff8200e515                sxs_CheckStkJb
                0xffffffff8200e571                sxr_CheckJob
                0xffffffff8200e5b5                sxr_GetJobParam
                0xffffffff8200e601                sxr_StartJob
                0xffffffff8200e741                sxr_FreeJob
                0xffffffff8200e855                sxr_NewJob
                0xffffffff8200e99d                sxr_JbSdInit
                0xffffffff8200ea61                _sxr_NewHeap
                0xffffffff8200ea99                sxr_MemTrackAlloc
                0xffffffff8200eaed                sxr_MemTrackFree
                0xffffffff8200eb45                sxr_MemoryAlertDispatchRegistration
                0xffffffff8200eb51                sxr_ChkHp
                0xffffffff8200ecad                sxr_CheckCluster
                0xffffffff8200ed5d                sxr_GetRelativeRemainingSize
                0xffffffff8200ee01                sxr_GetAbsoluteRemainingSize
                0xffffffff8200ee8d                sxr_NewCluster
                0xffffffff8200ef79                sxr_MutexInit
                0xffffffff8200efad                sxr_ChkMutex
                0xffffffff8200f045                sxr_CheckMutex
                0xffffffff8200f0ad                sxr_FreeMutex
                0xffffffff8200f131                sxr_NewMutex
                0xffffffff8200f199                sxs_RmcCtxInit
                0xffffffff8200f19d                sxs_SetTraceLevel
                0xffffffff8200f1bd                sxs_InitRmc
                0xffffffff8200f1e1                sxs_PrcsRmtData
                0xffffffff8200f4fd                sxr_SbxInit
                0xffffffff8200f585                sxr_SetRmtMbx
                0xffffffff8200f5c1                sxr_SetRxTxRmtMsg
                0xffffffff8200f5d5                sxr_SbxRxMsg
                0xffffffff8200f5f1                sxr_GetSbxInfo
                0xffffffff8200f67d                sxr_ChkSbx
                0xffffffff8200f73d                sxr_CheckSbx
                0xffffffff8200f759                sxr_FreeMailBox
                0xffffffff8200f7b5                sxr_FreeSemaphore
                0xffffffff8200f80d                sxr_NewMailBox
                0xffffffff8200f871                sxr_NewSemaphore
                0xffffffff8200f8cd                sxs_SpyEnable
                0xffffffff8200f8e9                sxs_UsrSpyEnable
                0xffffffff8200f91d                sxs_SpyDispatchRegistration
                0xffffffff8200f951                sxs_SpyData
                0xffffffff8200fb95                sxr_CheckTimer
                0xffffffff8200fc49                sxr_InitTimer
                0xffffffff8200fd21                sxr_TkSdInit
                0xffffffff8200fd7d                sxr_GetCurrentTaskId
                0xffffffff8200fd9d                sxr_GetCurrentTaskDesc
                0xffffffff8200fdbd                sxr_SchedulingStarted
                0xffffffff8200fe11                sxr_GetTaskName
                0xffffffff8200fe35                sxr_GetTaskState
                0xffffffff8200fe4d                sxr_GetStackMaxUsage
                0xffffffff8200fe89                sxr_GetTkPcInStack
                0xffffffff8200fe8d                sxs_CheckPendingTk
                0xffffffff8200fef1                sxr_ChkTask
                0xffffffff8200ffdd                sxs_CheckStkTk
                0xffffffff82010035                sxr_CheckTask
                0xffffffff82010071                sxr_StartScheduling
                0xffffffff820100d5                sxr_FreeTask
                0xffffffff8201016d                sxr_NewTask
                0xffffffff82010231                sxr_NewUsrCluster
                0xffffffff820103a9                xcv_SetStableVolt
                0xffffffff820103ad                rfd_XcvLimitMaxTxPower
                0xffffffff820103b1                rfd_XcvGetAfcDacOffset
                0xffffffff820103c9                rfd_XcvGetCdacOffset
                0xffffffff820103d5                rfd_XcvSetAfcDacOffset
                0xffffffff820103e5                rfd_XcvSetCdacOffset
                0xffffffff820103f1                rfd_XcvFrameInit
                0xffffffff82010401                rfd_XcvCalibGetDefault
                0xffffffff8201040d                rfd_XcvCalibUpdateValues
                0xffffffff82010411                rfd_XcvCalibCalcAfcGain
                0xffffffff82010451                rfd_XcvCalibCalcAfcGainChangeDAC
                0xffffffff82010499                rfd_XcvCalibCalcAfcFreqChangeDAC
                0xffffffff820104b9                rfd_XcvCalibSetILoss
                0xffffffff820105e1                rfd_XcvCalibSetPaRamp
                0xffffffff82010605                rfd_XcvRegValueInit
                0xffffffff82010621                rfd_RegisterXcvRegCheckFunc
                0xffffffff8201064d                rfd_XcvRegForceWriteSingle
                0xffffffff82010689                rfd_XcvRegForceWrite
                0xffffffff820106c1                rfd_XcvGetParameters
                0xffffffff82010725                rfd_XcvRegForceRead
                0xffffffff82010761                rfd_XcvRegCheckAll
                0xffffffff820107f9                rfd_XcvRegCheck
                0xffffffff82010821                rfd_XcvCalibSetChangeDAC
                0xffffffff8201085d                rfd_XcvCalibSetAfcBoundChangeDAC
                0xffffffff820108f1                rfd_XcvCalibSetAfcBound
                0xffffffff8201098d                rfd_XcvCalibXtalFreqOffset
                0xffffffff82010afd                rfd_XcvCalibResetValues
                0xffffffff82010bb9                rfd_XcvOpen
                0xffffffff82010cb9                rfd_XcvReadChipId
                0xffffffff82010d05                rfd_XcvRfInit
                0xffffffff8201124c                AgcTab_EGSM
                0xffffffff820113cc                AgcTab_DCS
                0xffffffff8201154c                xcv_calib_default
                0xffffffff820116e9                rfd_PaGetParameters
                0xffffffff820116f5                rfd_SwGetParameters
                0xffffffff82011701                rfd_SwOpen
                0xffffffff82011705                rfd_PaCalibGetDefault
                0xffffffff82011711                rfd_PaCalibUpdateValues
                0xffffffff82011715                rfd_PaCalibResetValues
                0xffffffff82011721                rfd_SwCalibGetDefault
                0xffffffff8201172d                rfd_SwCalibUpdateValues
                0xffffffff82011731                rfd_SwCalibResetValues
                0xffffffff82011b6d                rfd_PaCalibPaProfile
                0xffffffff82011e01                rfd_PaCalibfastPaProfile
                0xffffffff82012029                rfd_PaCalibInit
                0xffffffff82012091                rfd_PaOpen
                0xffffffff820120a8                pa_default_calib
                0xffffffff820132d4                sw_default_calib
                0xffffffff82013355                pmd_TemperatureVolt2Degree
                0xffffffff82013375                pmd_GetHighActivityVoltOffset
                0xffffffff820133f5                pmd_ChargerSmallCurrent
                0xffffffff82013419                pmd_SetChargerVfb
                0xffffffff8201348d                pmd_ChargerSetBgLpMode
                0xffffffff82013575                pmd_PmuChargerPlugout
                0xffffffff82013591                pmd_PmuChargerPlugin
                0xffffffff820135ad                pmd_GetChargerHwStatus
                0xffffffff820135d9                pmd_ForceChargerFinished
                0xffffffff82013625                pmd_PmuSetChargeCurrent
                0xffffffff820136c5                pmd_GetGpadcChargerLevel
                0xffffffff820136f9                pmd_GetGpadcTemperatureLevel
                0xffffffff82013715                pmd_GetGpadcTemperatureSW
                0xffffffff82013789                pmd_PmuInitCharger
                0xffffffff8201392d                pmd_RestoreChargerAtPowerOff
                0xffffffff82013960                gc_pmdChargerProcCfg
                0xffffffff82013970                gc_pmdChargerProcOps
                0xffffffff820139a9                pmd_IsOpen
                0xffffffff820139b5                pmd_SetPowerMode
                0xffffffff820139b9                pmd_EnableClk4mAvdd3InLpMode
                0xffffffff82013a11                pmd_ConfigureRfLowPower
                0xffffffff82013a35                pmd_GetCoreVoltageRequest
                0xffffffff82013a41                pmd_GetBatteryGpadcChannel
                0xffffffff82013a51                pmd_GetScreenAntiFlickerVolt
                0xffffffff82013a79                pmd_SpeakerPaCpLowOutput
                0xffffffff82013a85                pmd_IsSpeakerDouble
                0xffffffff82013a89                pmd_TsdTscEnabled
                0xffffffff82013a99                pmd_SpiRegValueInit
                0xffffffff82013ab5                pmd_GetEarpieceGpadcChannel
                0xffffffff82013ac5                pmd_GpadcChannelEnabled
                0xffffffff82013aed                pmd_SetAuxClockStatusHandler
                0xffffffff82013af9                pmd_EarDetectDelay
                0xffffffff82013b65                pmd_EarDetectHandler
                0xffffffff82013bf5                pmd_RegisterSpiRegCheckFunc
                0xffffffff82013c39                pmd_RDAWrite
                0xffffffff82013c55                pmd_GpadcDisable
                0xffffffff82013c8d                pmd_GpadcEnableChannel
                0xffffffff82013cdd                pmd_GpadcSetInterval
                0xffffffff82013d21                pmd_ResetTouch
                0xffffffff82013d7d                pmd_SpeakerPaRestoreMode
                0xffffffff82013dd1                pmd_EnableScreenAntiFlicker
                0xffffffff82013e39                pmd_SetMmcVoltage
                0xffffffff82013e81                pmd_TsdEnableTsc
                0xffffffff82013ec9                pmd_SpeakerPaPostEnable
                0xffffffff82013ef1                pmd_SpeakerPaPreEnable
                0xffffffff82013f1d                pmd_InitSpeakerPa
                0xffffffff82013f59                pmd_SetVa24Buck2Voltage
                0xffffffff82013f89                pmd_InitCoreVoltage
                0xffffffff82013f99                pmd_RegHpDetectSettingSet
                0xffffffff82013fe1                pmd_RegIrqSettingClr
                0xffffffff8201401d                pmd_IrqHandler
                0xffffffff8201404d                pmd_SpiRegCheck
                0xffffffff820140cd                pmd_InitTouchScreen
                0xffffffff820141e1                pmd_SpeakerPaSelectChannel
                0xffffffff820142dd                pmd_EnableOpalLdo
                0xffffffff8201446d                pmd_InitRdaPmu
                0xffffffff820145f1                pmd_SetCoreVoltageDelayed
                0xffffffff82014611                pmd_SetLevel
                0xffffffff820149a5                pmd_FourSimSetVoltageClass
                0xffffffff82014b45                pmd_EnablePower
                0xffffffff82014ce9                pmd_UsbDownloadByMicDetect
                0xffffffff82014dc1                pmd_SelectSimCard
                0xffffffff82014e59                pmd_Open
                0xffffffff8201518d                __pack_f
                0xffffffff82015251                __pack_d
                0xffffffff820153f5                __unpack_f
                0xffffffff82015471                __unpack_d
                0xffffffff8201565d                __subsf3
                0xffffffff820156a1                __addsf3
                0xffffffff820156dd                __mulsf3
                0xffffffff820157d9                __gtsf2
                0xffffffff8201581d                __gesf2
                0xffffffff82015861                __ltsf2
                0xffffffff820158a5                __floatsisf
                0xffffffff82015901                __extendsfdf2
                0xffffffff8201592c                __thenan_sf
                0xffffffff82015ba5                __subdf3
                0xffffffff82015bed                __adddf3
                0xffffffff82015c31                __muldf3
                0xffffffff82015de9                __divdf3
                0xffffffff82015f21                __eqdf2
                0xffffffff82015f69                __nedf2
                0xffffffff82015fb1                __gtdf2
                0xffffffff82015ff9                __gedf2
                0xffffffff82016041                __ltdf2
                0xffffffff82016089                __ledf2
                0xffffffff820160d1                __floatsidf
                0xffffffff82016149                __make_dp
                0xffffffff82016169                __truncdfsf2
                0xffffffff820161a8                __thenan_df
                0xffffffff820161c1                __floatunsidf
                0xffffffff82016259                __fpcmp_parts_f
                0xffffffff820162bd                __make_fp
                0xffffffff820162d5                __fpcmp_parts_d
                0xffffffff8201634d                __lshrdi3
                0xffffffff82016389                __ashldi3
                0xffffffff820163c9                __fixunsdfsi
                0xffffffff82016419                __divdi3
                0xffffffff820167e1                __udivdi3
                0xffffffff82016b5d                __fixdfsi
                0xffffffff82016bc1                __clzsi2

.bootbss        0xffffffff820568b0       0x10
 hex/app/SW_V2112_csdk.elf(.bootbss)
 .bootbss       0xffffffff820568b0       0x10 hex/app/SW_V2112_csdk.elf
                0xffffffff820568b0                g_memdFlashBaseAddress
LOAD hex/app/app.elf
LOAD hex/app/SW_V2112_csdk.elf
OUTPUT(C:/GPRS_C_SDK/hex/app/app_BASE_csdk_debug.elf elf32-littlemips)

.comment        0x0000000000000000       0x56
 .comment       0x0000000000000000       0x56 hex/app/SW_V2112_csdk.elf
 .comment       0x0000000000000000       0x25 hex/app/app.elf

.reginfo        0x0000000000000000       0x18
 .reginfo       0x0000000000000000       0x18 hex/app/app.elf

.gnu.attributes
                0x0000000000000000       0x10
 .gnu.attributes
                0x0000000000000000       0x10 hex/app/app.elf

.debug_aranges  0x0000000000000000    0x19b48
 .debug_aranges
                0x0000000000000000    0x19ae8 hex/app/SW_V2112_csdk.elf
 .debug_aranges
                0x0000000000019ae8       0x60 hex/app/app.elf

.debug_pubnames
                0x0000000000000000    0x5f87c
 .debug_pubnames
                0x0000000000000000    0x5f7b6 hex/app/SW_V2112_csdk.elf
 .debug_pubnames
                0x000000000005f7b6       0xc6 hex/app/app.elf

.debug_info     0x0000000000000000   0x506b29
 .debug_info    0x0000000000000000   0x4fe037 hex/app/SW_V2112_csdk.elf
 .debug_info    0x00000000004fe037     0x8af2 hex/app/app.elf

.debug_abbrev   0x0000000000000000    0x66240
 .debug_abbrev  0x0000000000000000    0x65e21 hex/app/SW_V2112_csdk.elf
 .debug_abbrev  0x0000000000065e21      0x41f hex/app/app.elf

.debug_line     0x0000000000000000    0xcecbd
 .debug_line    0x0000000000000000    0xce7e9 hex/app/SW_V2112_csdk.elf
 .debug_line    0x00000000000ce7e9      0x4d4 hex/app/app.elf

.debug_frame    0x0000000000000000    0x4aa00
 .debug_frame   0x0000000000000000    0x4a944 hex/app/SW_V2112_csdk.elf
 .debug_frame   0x000000000004a944       0xbc hex/app/app.elf

.debug_str      0x0000000000000000    0xa6555
 .debug_str     0x0000000000000000    0xa6433 hex/app/SW_V2112_csdk.elf
 .debug_str     0x00000000000a6433      0x122 hex/app/app.elf
                                       0x3cc0 (size before relaxing)

.debug_loc      0x0000000000000000   0x164618
 .debug_loc     0x0000000000000000   0x164539 hex/app/SW_V2112_csdk.elf
 .debug_loc     0x0000000000164539       0xdf hex/app/app.elf

.debug_ranges   0x0000000000000000       0x50
 .debug_ranges  0x0000000000000000       0x50 hex/app/app.elf
